{
  "object": {
    "foo": "foo_2yRvVh",
    "bar": "bar_2yRvVh"
  },
  "hash": "_2yRvVh"
}
