{ 
  "object": {
    "foo": "foo_lkEWA"
  },
  "hash": "_lkEWA"
}
