{ 
  "object": {
    "foo": "foo",
    "bar": "bar"
  },
  "hash": ""
}
