{ 
  "object": {
    "foo": "foo_hello",
    "bar": "bar_hello"
  },
  "hash": "_hello"
}
